// Jest Snapshot v1, https://goo.gl/fbAQLP

exports[`renders correctly 1`] = `
<div
  className="row"
>
  <Film
    film={
      Object {
        "genre": "Action & Adventure",
        "id": 1,
        "img": "https://vignette.wikia.nocookie.net/cinemorgue/images/9/98/Kill_bill2_01.jpg/revision/latest?cb=20151221212736",
        "releaseDate": 2004,
        "title": "Kill Bill: Volume 2",
      }
    }
    key="1"
  />
  <Film
    film={
      Object {
        "genre": "Action & Adventure",
        "id": 2,
        "img": "https://vignette.wikia.nocookie.net/immwdb/images/e/e4/Kill-bill-vol-1.jpg/revision/latest?cb=20150116205604",
        "releaseDate": 2003,
        "title": "Kill Bill: Volume 1",
      }
    }
    key="2"
  />
</div>
`;
